https://oauth-openshift.apps.ocp4.example.com/oauth/authorize?client_id=console&redirect_uri=https%3A%2F%2Fconsole-openshift-console.apps.ocp4.example.com%2Fauth%2Fcallback&response_type=code&scope=user%3Afull&state=ae7475e6



dezma/dp180-custon-httpd-1.0
d030737b158c4c9cc52113fc96c5e0a2fe12e91f5f4e2bef59be171afe3acada
[student@workstation ~]$ curl http://localhost:8280/do180.html
DO180 Page
[student@workstation ~]$ lab image-operation finish
Error: unknown problem specified and not found, image-operation
[student@workstation ~]$ lab image-operations finish

Completing the GE: Creating a Custom Apache Container Image

 · Stopping official-httpd container...........................  SUCCESS
 · Removing official-httpd container...........................  SUCCESS
 · Stopping test-httpd container...............................  SUCCESS
 · Removing test-httpd container...............................  SUCCESS
 · Removing redhattraining/httpd-parent image..................  SUCCESS
 · Removing quay.io/jairoledezma/do180-custom-httpd image......  SUCCESS
 · Removing localhost/do180-custom-httpd image.................  SUCCESS
[student@workstation ~]$ lab image-review start

Setting up workstation for the Lab: Managing Images

 · Checking podman configuration...............................  SUCCESS
[student@workstation ~]$ clear

[student@workstation ~]$ sudo podman docker.io/nginx:1.17
Error: unrecognized command `podman docker.io/nginx:1.17`
Try 'podman --help' for more information.
[student@workstation ~]$ sudo podman pull docker.io/nginx:1.17
Trying to pull docker.io/nginx:1.17...
Getting image source signatures
Copying blob afb6ec6fdc1c done
Copying blob b90c53a0b692 done
Copying blob 11fa52a0fdc0 done
Copying config 9beeba249f done
Writing manifest to image destination
Storing signatures
9beeba249f3ee158d3e495a6ac25c5667ae2de8a43ac2a8bfd2bf687a58c06c9
[student@workstation ~]$ sudo podman images
REPOSITORY                                        TAG      IMAGE ID       CREATED         SIZE
docker.io/library/nginx                           1.17     9beeba249f3e   14 months ago   131 MB
registry.access.redhat.com/rhscl/mysql-57-rhel7   latest   60726b33a00a   21 months ago   448 MB
quay.io/redhattraining/httpd-parent               latest   4346d3cace25   2 years ago     236 MB
[student@workstation ~]$ sudo podman run --name official-nginx -d -p 8080:80 docker.io/nginx:1.17
8bdd110e8db7bfc5b093de4a5e8ded2b8da4121b968887a7e3507bcd48c475d9
[student@workstation ~]$ sudo podman ps
CONTAINER ID  IMAGE                         COMMAND               CREATED         STATUS             PORTS                 NAMES
8bdd110e8db7  docker.io/library/nginx:1.17  nginx -g daemon o...  11 seconds ago  Up 10 seconds ago  0.0.0.0:8080->80/tcp  official-nginx
[student@workstation ~]$ sudo podman exec -it official-nginx /bin/bash
root@8bdd110e8db7:/# cd /usr/share/nginx
root@8bdd110e8db7:/usr/share/nginx# ls
html
root@8bdd110e8db7:/usr/share/nginx# cd html
root@8bdd110e8db7:/usr/share/nginx/html# ls
50x.html  index.html
root@8bdd110e8db7:/usr/share/nginx/html# echo 'DO180' > index.html
root@8bdd110e8db7:/usr/share/nginx/html# cat index.html
DO180
root@8bdd110e8db7:/usr/share/nginx/html# exit
exit
[student@workstation ~]$ curl localhost:8080
DO180
[student@workstation ~]$ sudo podman stop official-nginx
8bdd110e8db7bfc5b093de4a5e8ded2b8da4121b968887a7e3507bcd48c475d9
[student@workstation ~]$ sudo podman ps
CONTAINER ID  IMAGE  COMMAND  CREATED  STATUS  PORTS  NAMES
[student@workstation ~]$ sudo podman commit -a 'Jairo Ledezma' official-nginx do180/mynginx:v1.0-SNAPSHOT
Getting image source signatures
Copying blob ffc9b21953f4 skipped: already exists
Copying blob 2f4accd375d9 skipped: already exists
Copying blob 6c7de695ede3 skipped: already exists
Copying blob cdc8b335bdd8 done
Copying config 6499dea707 done
Writing manifest to image destination
Storing signatures
6499dea70749b27d1584ddaa81c898908e828335c3d3dee5ae186f1ef76e0416
[student@workstation ~]$ sudo podman images
REPOSITORY                                        TAG             IMAGE ID       CREATED          SIZE
localhost/do180/mynginx                           v1.0-SNAPSHOT   6499dea70749   14 seconds ago   131 MB
docker.io/library/nginx                           1.17            9beeba249f3e   14 months ago    131 MB
registry.access.redhat.com/rhscl/mysql-57-rhel7   latest          60726b33a00a   21 months ago    448 MB
quay.io/redhattraining/httpd-parent               latest          4346d3cace25   2 years ago      236 MB
[student@workstation ~]$ sudo podman run --name official-nginx-dev -d -p 8080:80 do180/mynginx:v1.0-SNAPSHOT
fb807103cdd5b2363c44a026a505ba1a54443d040c866bb50ef025bf8695ce0c
[student@workstation ~]$ sudo podman ps
CONTAINER ID  IMAGE                                  COMMAND               CREATED         STATUS             PORTS                 NAMES
fb807103cdd5  localhost/do180/mynginx:v1.0-SNAPSHOT  nginx -g daemon o...  11 seconds ago  Up 11 seconds ago  0.0.0.0:8080->80/tcp  official-nginx-dev
[student@workstation ~]$ curl localhost:8080
DO180
[student@workstation ~]$ sudo podman exec -it official-nginx-dev /bin/bash
root@fb807103cdd5:/# echo 'DO180 Page' > /usr/share/nginx/html/index.html
root@fb807103cdd5:/# exit
exit
[student@workstation ~]$ curl localhost:8080
DO180 Page
[student@workstation ~]$ sudo podman stop official-nginx-dev
fb807103cdd5b2363c44a026a505ba1a54443d040c866bb50ef025bf8695ce0c
[student@workstation ~]$ sudo podman commit -a 'Jairo Ledezma' official-nginx-dev do180/mynginx:v1.0
Getting image source signatures
Copying blob ffc9b21953f4 skipped: already exists
Copying blob 2f4accd375d9 skipped: already exists
Copying blob 6c7de695ede3 skipped: already exists
Copying blob cdc8b335bdd8 skipped: already exists
Copying blob 253aec4a7626 done
Copying config dec9c0fde7 done
Writing manifest to image destination
Storing signatures
dec9c0fde7efe37026a4bbb63ae4f59e06300a672a225e9b7d41b75d9bc4e4c3
[student@workstation ~]$ sudo podman images
REPOSITORY                                        TAG             IMAGE ID       CREATED         SIZE
localhost/do180/mynginx                           v1.0            dec9c0fde7ef   8 seconds ago   131 MB
localhost/do180/mynginx                           v1.0-SNAPSHOT   6499dea70749   5 minutes ago   131 MB
docker.io/library/nginx                           1.17            9beeba249f3e   14 months ago   131 MB
registry.access.redhat.com/rhscl/mysql-57-rhel7   latest          60726b33a00a   21 months ago   448 MB
quay.io/redhattraining/httpd-parent               latest          4346d3cace25   2 years ago     236 MB
[student@workstation ~]$ sudo podman ps
CONTAINER ID  IMAGE  COMMAND  CREATED  STATUS  PORTS  NAMES
[student@workstation ~]$ sudo podman ps -a
CONTAINER ID  IMAGE                                                   COMMAND               CREATED        STATUS                         PORTS                    NAMES
fb807103cdd5  localhost/do180/mynginx:v1.0-SNAPSHOT                   nginx -g daemon o...  4 minutes ago  Exited (0) About a minute ago  0.0.0.0:8080->80/tcp     official-nginx-dev
8bdd110e8db7  docker.io/library/nginx:1.17                            nginx -g daemon o...  9 minutes ago  Exited (0) 6 minutes ago       0.0.0.0:8080->80/tcp     official-nginx
ee734429a4ec  registry.access.redhat.com/rhscl/mysql-57-rhel7:latest  run-mysqld            19 hours ago   Created                        0.0.0.0:13306->3306/tcp  mysql-2
9ec8cb2c05e5  registry.access.redhat.com/rhscl/mysql-57-rhel7:latest  run-mysqld            19 hours ago   Exited (0) 19 hours ago                                 mysql-l
[student@workstation ~]$ sudo podman rm official-nginx-dev
fb807103cdd5b2363c44a026a505ba1a54443d040c866bb50ef025bf8695ce0c
[student@workstation ~]$ sudo podman imaes
Error: unrecognized command `podman imaes`
Try 'podman --help' for more information.
[student@workstation ~]$ sudo podman images
REPOSITORY                                        TAG             IMAGE ID       CREATED              SIZE
localhost/do180/mynginx                           v1.0            dec9c0fde7ef   About a minute ago   131 MB
localhost/do180/mynginx                           v1.0-SNAPSHOT   6499dea70749   6 minutes ago        131 MB
docker.io/library/nginx                           1.17            9beeba249f3e   14 months ago        131 MB
registry.access.redhat.com/rhscl/mysql-57-rhel7   latest          60726b33a00a   21 months ago        448 MB
quay.io/redhattraining/httpd-parent               latest          4346d3cace25   2 years ago          236 MB
[student@workstation ~]$ sudo podman rmi do180/myginx:v1.0-SNAPSHOT
Error: unable to find a name and tag match for do180/myginx in repotags: no such image
[student@workstation ~]$ sudo podman rmi do180/myNginx:v1.0-SNAPSHOT
Error: repository name must be lowercase
[student@workstation ~]$ sudo podman rmi do180/mynginx:v1.0-SNAPSHOT
Untagged: localhost/do180/mynginx:v1.0-SNAPSHOT
[student@workstation ~]$ sudo podman images
REPOSITORY                                        TAG      IMAGE ID       CREATED         SIZE
localhost/do180/mynginx                           v1.0     dec9c0fde7ef   3 minutes ago   131 MB
docker.io/library/nginx                           1.17     9beeba249f3e   14 months ago   131 MB
registry.access.redhat.com/rhscl/mysql-57-rhel7   latest   60726b33a00a   21 months ago   448 MB
quay.io/redhattraining/httpd-parent               latest   4346d3cace25   2 years ago     236 MB
[student@workstation ~]$ sudo podman run --name my-nginx -d -p 8280:80 do180/mynginx:v1.0
3291320de41a87c986c3004d2c3da14223832d4335c33b2a21af6e8b7b16e621
[student@workstation ~]$ sudo podman images
REPOSITORY                                        TAG      IMAGE ID       CREATED         SIZE
localhost/do180/mynginx                           v1.0     dec9c0fde7ef   4 minutes ago   131 MB
docker.io/library/nginx                           1.17     9beeba249f3e   14 months ago   131 MB
registry.access.redhat.com/rhscl/mysql-57-rhel7   latest   60726b33a00a   21 months ago   448 MB
quay.io/redhattraining/httpd-parent               latest   4346d3cace25   2 years ago     236 MB
[student@workstation ~]$ curl 127.0.0.1:8280
DO180 Page
[student@workstation ~]$ lab image-review grade

Grading the student's work for the Lab: Managing Images

 · Nginx container image is pulled.............................  PASS
 · Container official-nginx is created.........................  PASS
 · Container official-nginx is stopped.........................  PASS
 · Tag do180/mynginx:v1.0-SNAPSHOT is removed..................  PASS
 · Tag do180/mynginx:v1.0 is created...........................  PASS
 · Container my-nginx is created and running...................  PASS
 · index.html is available with the custom content.............  PASS
[student@workstation ~]$ lab image-review finish

Completing the Lab: Managing Images

 · Stopping official-nginx-dev container.......................  SUCCESS
 · Removing official-nginx-dev container.......................  SUCCESS
 · Stopping official-nginx container...........................  SUCCESS
 · Removing official-nginx container...........................  SUCCESS
 · Removing do180/mynginx:v1.0 image...........................  SUCCESS
 · Removing quay.io/redhattraining/nginx:1.17 image............  SUCCESS
[student@workstation ~]$ 

===================================================================================================================

Adding roles to users and groups lab

=======================================

[student@workstation ~]$ lab auth-rbac start

Checking prerequisites for Guided Exercise: Defining and Applying permissions using RBAC

 Verify the OpenShift cluster is running:
 · Router pods are available...................................  SUCCESS
 · OAuth pods are available....................................  SUCCESS
 · API pods are available......................................  SUCCESS
 · Control plane node 'master01' is ready......................  SUCCESS
 · Control plane node 'master02' is ready......................  SUCCESS
 · Control plane node 'master03' is ready......................  SUCCESS
 Checking for conflicts with existing OpenShift projects:
 · The 'auth-rbac' project is absent...........................  SUCCESS

Setting up the classroom for Guided Exercise: Defining and Applying permissions using RBAC

 · Validate 'admin' can log in with password 'redhat'..........  SUCCESS
 · Update HTPasswd entry for 'leader'..........................  SUCCESS
 · Update HTPasswd entry for 'developer'.......................  SUCCESS
 · Update HTPasswd entry for 'qa-engineer'.....................  SUCCESS
 · Updating htpasswd data in secret 'localusers'...............  SUCCESS
 · Pause for creation of first oauth pod.......................  SUCCESS
 · Pause for creation of second oauth pod......................  SUCCESS
 · Wait up to 1 minute for 'pod/oauth-openshift-8f9857796-jqmz6
   '...........................................................  SUCCESS
 · Wait up to 1 minute for oauth pod containers to be ready....  SUCCESS
 · Delete all previous users...................................  SUCCESS
 · Delete all previous identities..............................  SUCCESS
 · Pause 5 seconds before validating authentication............  SUCCESS
 · Validate 'admin' can log in with password 'redhat'..........  SUCCESS
 · Validate 'leader' can log in with password 'redhat'.........  SUCCESS
 · Validate 'developer' can log in with password 'developer'...  SUCCESS
 · Validate 'qa-engineer' can log in with password 'redhat'....  SUCCESS

Overall start status...........................................  SUCCESS

[student@workstation ~]$ oc login -u admin -p redhat
Login successful.

You have access to 58 projects, the list has been suppressed. You can list all projects with 'oc projects'

Using project "default".
[student@workstation ~]$ oc get clusterrolebinding -o wide
NAME                                                                             ROLE                                                                               AGE     USERS                                   GROUPS                                         SERVICEACCOUNTS
alertmanager-main                                                                ClusterRole/alertmanager-main                                                      2m26s                                                                                          openshift-monitoring/alertmanager-main
basic-users                                                                      ClusterRole/basic-user                                                             358d                                            system:authenticated                           
cloud-credential-operator-rolebinding                                            ClusterRole/cloud-credential-operator-role                                         358d                                                                                           openshift-cloud-credential-operator/default
cluster-admin                                                                    ClusterRole/cluster-admin                                                          358d                                            system:masters                                 
cluster-admin-0                                                                  ClusterRole/cluster-admin                                                          138m    admin                                                                                  
cluster-admins                                                                   ClusterRole/cluster-admin                                                          358d    system:admin                            system:cluster-admins                          
cluster-autoscaler                                                               ClusterRole/cluster-autoscaler                                                     358d                                                                                           openshift-machine-api/cluster-autoscaler
cluster-autoscaler-operator                                                      ClusterRole/cluster-autoscaler-operator                                            358d                                                                                           openshift-machine-api/cluster-autoscaler-operator
cluster-monitoring-operator                                                      ClusterRole/cluster-monitoring-operator                                            358d                                                                                           openshift-monitoring/cluster-monitoring-operator
cluster-node-tuning-operator                                                     ClusterRole/cluster-node-tuning-operator                                           358d                                                                                           openshift-cluster-node-tuning-operator/cluster-node-tuning-operator
cluster-node-tuning:tuned                                                        ClusterRole/cluster-node-tuning:tuned                                              358d                                                                                           openshift-cluster-node-tuning-operator/tuned
cluster-readers                                                                  ClusterRole/cluster-reader                                                         358d                                            system:cluster-readers                         
cluster-samples-operator                                                         ClusterRole/cluster-samples-operator                                               358d                                                                                           openshift-cluster-samples-operator/cluster-samples-operator
cluster-samples-operator-proxy-reader                                            ClusterRole/cluster-samples-operator-proxy-reader                                  358d                                                                                           openshift-cluster-samples-operator/cluster-samples-operator
cluster-status-binding                                                           ClusterRole/cluster-status                                                         358d                                            system:authenticated                           
cluster-storage-operator                                                         ClusterRole/cluster-storage-operator                                               358d                                                                                           openshift-cluster-storage-operator/cluster-storage-operator
cluster-version-operator                                                         ClusterRole/cluster-admin                                                          358d                                                                                           openshift-cluster-version/default
console                                                                          ClusterRole/console                                                                358d                                                                                           openshift-console/console
console-extensions-reader                                                        ClusterRole/console-extensions-reader                                              358d                                            system:authenticated                           
console-operator                                                                 ClusterRole/console-operator                                                       358d                                                                                           openshift-console-operator/console-operator
console-operator-auth-delegator                                                  ClusterRole/system:auth-delegator                                                  358d                                                                                           openshift-console-operator/console-operator
csi-snapshot-controller-operator-role                                            ClusterRole/cluster-admin                                                          358d                                                                                           openshift-cluster-storage-operator/csi-snapshot-controller-operator
default-account-cluster-image-registry-operator                                  ClusterRole/cluster-image-registry-operator                                        358d                                                                                           openshift-image-registry/cluster-image-registry-operator
default-account-cluster-network-operator                                         ClusterRole/cluster-admin                                                          358d                                                                                           openshift-network-operator/default
default-account-openshift-machine-config-operator                                ClusterRole/cluster-admin                                                          358d                                                                                           openshift-machine-config-operator/default
dns-monitoring                                                                   ClusterRole/dns-monitoring                                                         358d                                                                                           openshift-monitoring/prometheus-k8s
grafana                                                                          ClusterRole/grafana                                                                2m31s                                                                                          openshift-monitoring/grafana
insights-operator                                                                ClusterRole/insights-operator                                                      358d                                                                                           openshift-insights/operator
insights-operator-auth                                                           ClusterRole/system:auth-delegator                                                  358d                                                                                           openshift-insights/operator
insights-operator-gather                                                         ClusterRole/insights-operator-gather                                               358d                                                                                           openshift-insights/gather
insights-operator-gather-reader                                                  ClusterRole/cluster-reader                                                         358d                                                                                           openshift-insights/gather
kube-apiserver                                                                   ClusterRole/kube-apiserver                                                         358d    kube-apiserver, system:kube-apiserver                                                  
kube-state-metrics                                                               ClusterRole/kube-state-metrics                                                     2m32s                                                                                          openshift-monitoring/kube-state-metrics
machine-api-controllers                                                          ClusterRole/machine-api-controllers                                                358d                                                                                           openshift-machine-api/machine-api-controllers
machine-api-operator                                                             ClusterRole/machine-api-operator                                                   358d                                                                                           openshift-machine-api/machine-api-operator
machine-config-controller                                                        ClusterRole/machine-config-controller                                              358d                                                                                           openshift-machine-config-operator/machine-config-controller
machine-config-daemon                                                            ClusterRole/machine-config-daemon                                                  358d                                                                                           openshift-machine-config-operator/machine-config-daemon
machine-config-server                                                            ClusterRole/machine-config-server                                                  358d                                                                                           openshift-machine-config-operator/machine-config-server
marketplace-operator                                                             ClusterRole/marketplace-operator                                                   358d                                                                                           openshift-marketplace/marketplace-operator
multus                                                                           ClusterRole/multus                                                                 358d                                                                                           openshift-multus/multus
multus-admission-controller-webhook                                              ClusterRole/multus-admission-controller-webhook                                    358d                                                                                           openshift-multus/multus
multus-whereabouts                                                               ClusterRole/whereabouts-cni                                                        358d                                                                                           openshift-multus/multus
node-exporter                                                                    ClusterRole/node-exporter                                                          2m27s                                                                                          openshift-monitoring/node-exporter
olm-operator-binding-openshift-operator-lifecycle-manager                        ClusterRole/system:controller:operator-lifecycle-manager                           358d                                                                                           openshift-operator-lifecycle-manager/olm-operator-serviceaccount
openshift-csi-snapshot-controller-role                                           ClusterRole/openshift-csi-snapshot-controller-runner                               358d                                                                                           openshift-cluster-storage-operator/csi-snapshot-controller
openshift-dns                                                                    ClusterRole/openshift-dns                                                          358d                                                                                           openshift-dns/dns
openshift-dns-operator                                                           ClusterRole/openshift-dns-operator                                                 358d                                                                                           openshift-dns-operator/dns-operator
openshift-image-registry-pruner                                                  ClusterRole/system:image-pruner                                                    358d                                                                                           openshift-image-registry/pruner
openshift-ingress-operator                                                       ClusterRole/openshift-ingress-operator                                             358d                                                                                           openshift-ingress-operator/ingress-operator
openshift-ingress-router                                                         ClusterRole/openshift-ingress-router                                               358d                                                                                           openshift-ingress/router
openshift-sdn                                                                    ClusterRole/openshift-sdn                                                          358d                                                                                           openshift-sdn/sdn
openshift-sdn-controller                                                         ClusterRole/openshift-sdn-controller                                               358d                                                                                           openshift-sdn/sdn-controller
openshift-state-metrics                                                          ClusterRole/openshift-state-metrics                                                2m31s                                                                                          openshift-monitoring/openshift-state-metrics
packageserver-service-system:auth-delegator                                      ClusterRole/system:auth-delegator                                                  358d                                                                                           openshift-operator-lifecycle-manager/olm-operator-serviceaccount
prometheus-adapter                                                               ClusterRole/prometheus-adapter                                                     2m27s                                                                                          openshift-monitoring/prometheus-adapter
prometheus-adapter-view                                                          ClusterRole/cluster-monitoring-view                                                2m22s                                                                                          openshift-monitoring/prometheus-adapter
prometheus-k8s                                                                   ClusterRole/prometheus-k8s                                                         2m23s                                                                                          openshift-monitoring/prometheus-k8s
prometheus-operator                                                              ClusterRole/prometheus-operator                                                    2m32s                                                                                          openshift-monitoring/prometheus-operator
registry-monitoring                                                              ClusterRole/registry-monitoring                                                    358d                                                                                           openshift-monitoring/prometheus-k8s
registry-registry-role                                                           ClusterRole/system:registry                                                        358d                                                                                           openshift-image-registry/registry
resource-metrics:system:auth-delegator                                           ClusterRole/system:auth-delegator                                                  2m24s                                                                                          openshift-monitoring/prometheus-adapter
router-monitoring                                                                ClusterRole/router-monitoring                                                      358d                                                                                           openshift-monitoring/prometheus-k8s
run-nfs-client-provisioner                                                       ClusterRole/nfs-client-provisioner-runner                                          358d                                                                                           nfs-client-provisioner/nfs-client-provisioner
self-access-reviewers                                                            ClusterRole/self-access-reviewer                                                   358d                                            system:authenticated, system:unauthenticated   
self-provisioners                                                                ClusterRole/self-provisioner                                                       358d                                            system:authenticated:oauth                     
storage-version-migration-migrator                                               ClusterRole/cluster-admin                                                          358d                                                                                           openshift-kube-storage-version-migrator/kube-storage-version-migrator-sa
system-bootstrap-node-bootstrapper                                               ClusterRole/system:node-bootstrapper                                               358d                                                                                           openshift-machine-config-operator/node-bootstrapper
system-bootstrap-node-renewal                                                    ClusterRole/system:certificates.k8s.io:certificatesigningrequests:selfnodeclient   358d                                            system:nodes                                   
system:basic-user                                                                ClusterRole/system:basic-user                                                      358d                                            system:authenticated                           
system:build-strategy-docker-binding                                             ClusterRole/system:build-strategy-docker                                           358d                                            system:authenticated                           
system:build-strategy-jenkinspipeline-binding                                    ClusterRole/system:build-strategy-jenkinspipeline                                  358d                                            system:authenticated                           
system:build-strategy-source-binding                                             ClusterRole/system:build-strategy-source                                           358d                                            system:authenticated                           
system:controller:attachdetach-controller                                        ClusterRole/system:controller:attachdetach-controller                              358d                                                                                           kube-system/attachdetach-controller
system:controller:certificate-controller                                         ClusterRole/system:controller:certificate-controller                               358d                                                                                           kube-system/certificate-controller
system:controller:clusterrole-aggregation-controller                             ClusterRole/system:controller:clusterrole-aggregation-controller                   358d                                                                                           kube-system/clusterrole-aggregation-controller
system:controller:cronjob-controller                                             ClusterRole/system:controller:cronjob-controller                                   358d                                                                                           kube-system/cronjob-controller
system:controller:daemon-set-controller                                          ClusterRole/system:controller:daemon-set-controller                                358d                                                                                           kube-system/daemon-set-controller
system:controller:deployment-controller                                          ClusterRole/system:controller:deployment-controller                                358d                                                                                           kube-system/deployment-controller
system:controller:disruption-controller                                          ClusterRole/system:controller:disruption-controller                                358d                                                                                           kube-system/disruption-controller
system:controller:endpoint-controller                                            ClusterRole/system:controller:endpoint-controller                                  358d                                                                                           kube-system/endpoint-controller
system:controller:endpointslice-controller                                       ClusterRole/system:controller:endpointslice-controller                             358d                                                                                           kube-system/endpointslice-controller
system:controller:expand-controller                                              ClusterRole/system:controller:expand-controller                                    358d                                                                                           kube-system/expand-controller
system:controller:generic-garbage-collector                                      ClusterRole/system:controller:generic-garbage-collector                            358d                                                                                           kube-system/generic-garbage-collector
system:controller:horizontal-pod-autoscaler                                      ClusterRole/system:controller:horizontal-pod-autoscaler                            358d                                                                                           kube-system/horizontal-pod-autoscaler, openshift-infra/horizontal-pod-autoscaler
system:controller:job-controller                                                 ClusterRole/system:controller:job-controller                                       358d                                                                                           kube-system/job-controller
system:controller:namespace-controller                                           ClusterRole/system:controller:namespace-controller                                 358d                                                                                           kube-system/namespace-controller
system:controller:node-controller                                                ClusterRole/system:controller:node-controller                                      358d                                                                                           kube-system/node-controller
system:controller:persistent-volume-binder                                       ClusterRole/system:controller:persistent-volume-binder                             358d                                                                                           kube-system/persistent-volume-binder
system:controller:pod-garbage-collector                                          ClusterRole/system:controller:pod-garbage-collector                                358d                                                                                           kube-system/pod-garbage-collector
system:controller:pv-protection-controller                                       ClusterRole/system:controller:pv-protection-controller                             358d                                                                                           kube-system/pv-protection-controller
system:controller:pvc-protection-controller                                      ClusterRole/system:controller:pvc-protection-controller                            358d                                                                                           kube-system/pvc-protection-controller
system:controller:replicaset-controller                                          ClusterRole/system:controller:replicaset-controller                                358d                                                                                           kube-system/replicaset-controller
system:controller:replication-controller                                         ClusterRole/system:controller:replication-controller                               358d                                                                                           kube-system/replication-controller
system:controller:resourcequota-controller                                       ClusterRole/system:controller:resourcequota-controller                             358d                                                                                           kube-system/resourcequota-controller
system:controller:route-controller                                               ClusterRole/system:controller:route-controller                                     358d                                                                                           kube-system/route-controller
system:controller:service-account-controller                                     ClusterRole/system:controller:service-account-controller                           358d                                                                                           kube-system/service-account-controller
system:controller:service-controller                                             ClusterRole/system:controller:service-controller                                   358d                                                                                           kube-system/service-controller
system:controller:statefulset-controller                                         ClusterRole/system:controller:statefulset-controller                               358d                                                                                           kube-system/statefulset-controller
system:controller:ttl-controller                                                 ClusterRole/system:controller:ttl-controller                                       358d                                                                                           kube-system/ttl-controller
system:deployer                                                                  ClusterRole/system:deployer                                                        358d                                                                                           openshift-infra/default-rolebindings-controller
system:discovery                                                                 ClusterRole/system:discovery                                                       358d                                            system:authenticated                           
system:image-builder                                                             ClusterRole/system:image-builder                                                   358d                                                                                           openshift-infra/default-rolebindings-controller
system:image-puller                                                              ClusterRole/system:image-puller                                                    358d                                                                                           openshift-infra/default-rolebindings-controller
system:kube-controller-manager                                                   ClusterRole/system:kube-controller-manager                                         358d    system:kube-controller-manager                                                         
system:kube-dns                                                                  ClusterRole/system:kube-dns                                                        358d                                                                                           kube-system/kube-dns
system:kube-scheduler                                                            ClusterRole/system:kube-scheduler                                                  358d    system:kube-scheduler                                                                  
system:masters                                                                   ClusterRole/system:master                                                          358d                                            system:masters                                 
system:node                                                                      ClusterRole/system:node                                                            358d                                                                                           
system:node-admin                                                                ClusterRole/system:node-admin                                                      358d    system:master, system:kube-apiserver    system:node-admins                             
system:node-admins                                                               ClusterRole/system:node-admin                                                      358d    system:master                           system:node-admins                             
system:node-bootstrapper                                                         ClusterRole/system:node-bootstrapper                                               358d                                                                                           openshift-infra/node-bootstrapper
system:node-proxier                                                              ClusterRole/system:node-proxier                                                    358d    system:kube-proxy                                                                      
system:node-proxiers                                                             ClusterRole/system:node-proxier                                                    358d                                            system:nodes                                   
system:oauth-token-deleters                                                      ClusterRole/system:oauth-token-deleter                                             358d                                            system:authenticated, system:unauthenticated   
system:openshift:controller:build-config-change-controller                       ClusterRole/system:openshift:controller:build-config-change-controller             358d                                                                                           openshift-infra/build-config-change-controller
system:openshift:controller:build-controller                                     ClusterRole/system:openshift:controller:build-controller                           358d                                                                                           openshift-infra/build-controller
system:openshift:controller:cluster-quota-reconciliation-controller              ClusterRole/system:openshift:controller:cluster-quota-reconciliation-controller    358d                                                                                           openshift-infra/cluster-quota-reconciliation-controller
system:openshift:controller:default-rolebindings-controller                      ClusterRole/system:openshift:controller:default-rolebindings-controller            358d                                                                                           openshift-infra/default-rolebindings-controller
system:openshift:controller:deployer-controller                                  ClusterRole/system:openshift:controller:deployer-controller                        358d                                                                                           openshift-infra/deployer-controller
system:openshift:controller:deploymentconfig-controller                          ClusterRole/system:openshift:controller:deploymentconfig-controller                358d                                                                                           openshift-infra/deploymentconfig-controller
system:openshift:controller:horizontal-pod-autoscaler                            ClusterRole/system:openshift:controller:horizontal-pod-autoscaler                  358d                                                                                           openshift-infra/horizontal-pod-autoscaler
system:openshift:controller:image-import-controller                              ClusterRole/system:openshift:controller:image-import-controller                    358d                                                                                           openshift-infra/image-import-controller
system:openshift:controller:image-trigger-controller                             ClusterRole/system:openshift:controller:image-trigger-controller                   358d                                                                                           openshift-infra/image-trigger-controller
system:openshift:controller:ingress-to-route-controller                          ClusterRole/system:openshift:controller:ingress-to-route-controller                358d                                                                                           openshift-infra/ingress-to-route-controller
system:openshift:controller:machine-approver                                     ClusterRole/system:openshift:controller:machine-approver                           358d                                                                                           openshift-cluster-machine-approver/machine-approver-sa
system:openshift:controller:namespace-security-allocation-controller             ClusterRole/system:openshift:controller:namespace-security-allocation-controller   358d                                                                                           openshift-infra/namespace-security-allocation-controller
system:openshift:controller:origin-namespace-controller                          ClusterRole/system:openshift:controller:origin-namespace-controller                358d                                                                                           openshift-infra/origin-namespace-controller
system:openshift:controller:pv-recycler-controller                               ClusterRole/system:openshift:controller:pv-recycler-controller                     358d                                                                                           openshift-infra/pv-recycler-controller
system:openshift:controller:resourcequota-controller                             ClusterRole/system:openshift:controller:resourcequota-controller                   358d                                                                                           openshift-infra/resourcequota-controller
system:openshift:controller:service-ca                                           ClusterRole/system:openshift:controller:service-ca                                 358d                                                                                           openshift-service-ca/service-ca
system:openshift:controller:service-ingress-ip-controller                        ClusterRole/system:openshift:controller:service-ingress-ip-controller              358d                                                                                           openshift-infra/service-ingress-ip-controller
system:openshift:controller:service-serving-cert-controller                      ClusterRole/system:openshift:controller:service-serving-cert-controller            358d                                                                                           openshift-infra/service-serving-cert-controller
system:openshift:controller:serviceaccount-controller                            ClusterRole/system:openshift:controller:serviceaccount-controller                  358d                                                                                           openshift-infra/serviceaccount-controller
system:openshift:controller:serviceaccount-pull-secrets-controller               ClusterRole/system:openshift:controller:serviceaccount-pull-secrets-controller     358d                                                                                           openshift-infra/serviceaccount-pull-secrets-controller
system:openshift:controller:template-instance-controller                         ClusterRole/system:openshift:controller:template-instance-controller               358d                                                                                           openshift-infra/template-instance-controller
system:openshift:controller:template-instance-controller:admin                   ClusterRole/admin                                                                  358d                                                                                           openshift-infra/template-instance-controller
system:openshift:controller:template-instance-finalizer-controller               ClusterRole/system:openshift:controller:template-instance-finalizer-controller     358d                                                                                           openshift-infra/template-instance-finalizer-controller
system:openshift:controller:template-instance-finalizer-controller:admin         ClusterRole/admin                                                                  358d                                                                                           openshift-infra/template-instance-finalizer-controller
system:openshift:controller:template-service-broker                              ClusterRole/system:openshift:controller:template-service-broker                    358d                                                                                           openshift-infra/template-service-broker
system:openshift:controller:unidling-controller                                  ClusterRole/system:openshift:controller:unidling-controller                        358d                                                                                           openshift-infra/unidling-controller
system:openshift:discovery                                                       ClusterRole/system:openshift:discovery                                             358d                                            system:authenticated                           
system:openshift:kube-controller-manager:gce-cloud-provider                      ClusterRole/system:openshift:kube-controller-manager:gce-cloud-provider            358d                                                                                           kube-system/cloud-provider
system:openshift:openshift-apiserver                                             ClusterRole/cluster-admin                                                          358d                                                                                           openshift-apiserver/openshift-apiserver-sa
system:openshift:openshift-authentication                                        ClusterRole/cluster-admin                                                          358d                                                                                           openshift-authentication/oauth-openshift
system:openshift:openshift-controller-manager                                    ClusterRole/system:openshift:openshift-controller-manager                          358d                                                                                           openshift-controller-manager/openshift-controller-manager-sa
system:openshift:operator:authentication                                         ClusterRole/cluster-admin                                                          358d                                                                                           openshift-authentication-operator/authentication-operator
system:openshift:operator:cluster-kube-scheduler-operator                        ClusterRole/cluster-admin                                                          358d                                                                                           openshift-kube-scheduler-operator/openshift-kube-scheduler-operator
system:openshift:operator:etcd-operator                                          ClusterRole/cluster-admin                                                          358d                                                                                           openshift-etcd-operator/etcd-operator
system:openshift:operator:kube-apiserver-operator                                ClusterRole/cluster-admin                                                          358d                                                                                           openshift-kube-apiserver-operator/kube-apiserver-operator
system:openshift:operator:kube-apiserver-recovery                                ClusterRole/cluster-admin                                                          358d                                                                                           openshift-kube-apiserver/localhost-recovery-client
system:openshift:operator:kube-controller-manager-operator                       ClusterRole/cluster-admin                                                          358d                                                                                           openshift-kube-controller-manager-operator/kube-controller-manager-operator
system:openshift:operator:kube-controller-manager-recovery                       ClusterRole/cluster-admin                                                          358d                                                                                           openshift-kube-controller-manager/localhost-recovery-client
system:openshift:operator:kube-scheduler-recovery                                ClusterRole/cluster-admin                                                          358d                                                                                           openshift-kube-scheduler/localhost-recovery-client
system:openshift:operator:kube-scheduler:public-2                                ClusterRole/system:kube-scheduler                                                  358d                                                                                           openshift-kube-scheduler/openshift-kube-scheduler-sa
system:openshift:operator:kube-storage-version-migrator-operator                 ClusterRole/cluster-admin                                                          358d                                                                                           openshift-kube-storage-version-migrator-operator/kube-storage-version-migrator-operator
system:openshift:operator:openshift-apiserver-operator                           ClusterRole/cluster-admin                                                          358d                                                                                           openshift-apiserver-operator/openshift-apiserver-operator
system:openshift:operator:openshift-config-operator                              ClusterRole/cluster-admin                                                          358d                                                                                           openshift-config-operator/openshift-config-operator
system:openshift:operator:openshift-controller-manager-operator                  ClusterRole/cluster-admin                                                          358d                                                                                           openshift-controller-manager-operator/openshift-controller-manager-operator
system:openshift:operator:openshift-etcd-installer                               ClusterRole/cluster-admin                                                          358d                                                                                           openshift-etcd/installer-sa
system:openshift:operator:openshift-kube-apiserver-installer                     ClusterRole/cluster-admin                                                          358d                                                                                           openshift-kube-apiserver/installer-sa
system:openshift:operator:openshift-kube-controller-manager-installer            ClusterRole/cluster-admin                                                          358d                                                                                           openshift-kube-controller-manager/installer-sa
system:openshift:operator:openshift-kube-scheduler-installer                     ClusterRole/cluster-admin                                                          358d                                                                                           openshift-kube-scheduler/installer-sa
system:openshift:operator:openshift-service-catalog-apiserver-remover            ClusterRole/cluster-admin                                                          358d                                                                                           openshift-service-catalog-removed/openshift-service-catalog-apiserver-remover
system:openshift:operator:openshift-service-catalog-controller-manager-remover   ClusterRole/cluster-admin                                                          358d                                                                                           openshift-service-catalog-removed/openshift-service-catalog-controller-manager-remover
system:openshift:operator:service-ca-operator                                    ClusterRole/cluster-admin                                                          358d                                                                                           openshift-service-ca-operator/service-ca-operator
system:openshift:public-info-viewer                                              ClusterRole/system:openshift:public-info-viewer                                    358d                                            system:authenticated, system:unauthenticated   
system:openshift:scc:hostmount-anyuid                                            ClusterRole/system:openshift:scc:hostmount-anyuid                                  358d                                                                                           nfs-client-provisioner/nfs-client-provisioner
system:openshift:tokenreview-openshift-controller-manager                        ClusterRole/system:openshift:tokenreview-openshift-controller-manager              358d                                                                                           openshift-controller-manager/openshift-controller-manager-sa
system:public-info-viewer                                                        ClusterRole/system:public-info-viewer                                              358d                                            system:authenticated, system:unauthenticated   
system:scope-impersonation                                                       ClusterRole/system:scope-impersonation                                             358d                                            system:authenticated, system:unauthenticated   
system:sdn-readers                                                               ClusterRole/system:sdn-reader                                                      358d                                            system:nodes                                   
system:volume-scheduler                                                          ClusterRole/system:volume-scheduler                                                358d    system:kube-scheduler                                                                  
system:webhooks                                                                  ClusterRole/system:webhook                                                         358d                                            system:authenticated, system:unauthenticated   
telemeter-client                                                                 ClusterRole/telemeter-client                                                       2m28s                                                                                          openshift-monitoring/telemeter-client
telemeter-client-view                                                            ClusterRole/cluster-monitoring-view                                                2m24s                                                                                          openshift-monitoring/telemeter-client
thanos-querier                                                                   ClusterRole/thanos-querier                                                         2m24s                                                                                          openshift-monitoring/thanos-querier
[student@workstation ~]$ oc get clusterrolebinding -o wide | grep -E 'NAME|self-provisioner'
NAME                                                                             ROLE                                                                               AGE     USERS                                   GROUPS                                         SERVICEACCOUNTS
self-provisioners                                                                ClusterRole/self-provisioner                                                       358d                                            system:authenticated:oauth                     
[student@workstation ~]$ oc descrbe clusterbinding self-provisioners
Error: unknown command "descrbe" for "oc"

Did you mean this?
	describe

Run 'oc --help' for usage.
[student@workstation ~]$ oc describe clusterbinding self-provisioners
error: the server doesn't have a resource type "clusterbinding"
[student@workstation ~]$ oc describe clusterrolebinding self-provisioners
Name:         self-provisioners
Labels:       <none>
Annotations:  rbac.authorization.kubernetes.io/autoupdate: true
Role:
  Kind:  ClusterRole
  Name:  self-provisioner
Subjects:
  Kind   Name                        Namespace
  ----   ----                        ---------
  Group  system:authenticated:oauth  
[student@workstation ~]$ oc adm policty remove-cluster-role-from-group self-provisioner systen:authenticated:oauth
error: unknown command "policty remove-cluster-role-from-group self-provisioner systen:authenticated:oauth"
See 'oc adm -h' for help and examples
[student@workstation ~]$ oc adm policy remove-cluster-role-from-group self-provisioner system:authenticated:oauth
Warning: Your changes may get lost whenever a master is restarted, unless you prevent reconciliation of this rolebinding using the following command: oc annotate clusterrolebinding.rbac self-provisioners 'rbac.authorization.kubernetes.io/autoupdate=false' --overwrite
clusterrole.rbac.authorization.k8s.io/self-provisioner removed: "system:authenticated:oauth"
[student@workstation ~]$ oc describe clusterrolebinding self-provisioner
Error from server (NotFound): clusterrolebindings.rbac.authorization.k8s.io "self-provisioner" not found
[student@workstation ~]$ oc get clusterrolebinding -o wide | grep -E 'NAME|self-provisioner'
NAME                                                                             ROLE                                                                               AGE     USERS                                   GROUPS                                         SERVICEACCOUNTS
[student@workstation ~]$ oc login -u leader -p redhat
Login successful.

You don't have any projects. Contact your system administrator to request a project.
[student@workstation ~]$ oc new-project test
Error from server (Forbidden): You may not request a new project via this API.
[student@workstation ~]$ oc login -u admin -p redhat
Login successful.

You have access to 58 projects, the list has been suppressed. You can list all projects with 'oc projects'

Using project "default".
[student@workstation ~]$ oc new-project auth-rbac
Now using project "auth-rbac" on server "https://api.ocp4.example.com:6443".

You can add applications to this project with the 'new-app' command. For example, try:

    oc new-app ruby~https://github.com/sclorg/ruby-ex.git

to build a new example application in Ruby. Or use kubectl to deploy a simple Kubernetes application:

    kubectl create deployment hello-node --image=gcr.io/hello-minikube-zero-install/hello-node

[student@workstation ~]$ oc policy add-role-to-user admin leader
clusterrole.rbac.authorization.k8s.io/admin added: "leader"
[student@workstation ~]$ oc adm groups new dev-group
group.user.openshift.io/dev-group created
[student@workstation ~]$ oc adm groups add-users dev-group developer
group.user.openshift.io/dev-group added: "developer"
[student@workstation ~]$ oc adm groups new qa-group
group.user.openshift.io/qa-group created
[student@workstation ~]$ oc adm groups add-users qa-group  qa-engineer
group.user.openshift.io/qa-group added: "qa-engineer"
[student@workstation ~]$ oc get groups
NAME        USERS
dev-group   developer
qa-group    qa-engineer
[student@workstation ~]$ oc login -u leader -p redhat
Login successful.

You have one project on this server: "auth-rbac"

Using project "auth-rbac".
[student@workstation ~]$ oc policy add-role-to-group edit dev-group
clusterrole.rbac.authorization.k8s.io/edit added: "dev-group"
[student@workstation ~]$ oc policy add-role-to-group view qa-group
clusterrole.rbac.authorization.k8s.io/view added: "qa-group"
[student@workstation ~]$ oc get rolebindngs -o wide
error: the server doesn't have a resource type "rolebindngs"
[student@workstation ~]$ oc get rolebindings -o wide
NAME                    ROLE                               AGE     USERS    GROUPS                             SERVICEACCOUNTS
admin                   ClusterRole/admin                  4m39s   admin                                       
admin-0                 ClusterRole/admin                  4m11s   leader                                      
edit                    ClusterRole/edit                   54s              dev-group                          
system:deployers        ClusterRole/system:deployer        4m38s                                               auth-rbac/deployer
system:image-builders   ClusterRole/system:image-builder   4m38s                                               auth-rbac/builder
system:image-pullers    ClusterRole/system:image-puller    4m38s            system:serviceaccounts:auth-rbac   
view                    ClusterRole/view                   36s              qa-group                           
[student@workstation ~]$ oc login -udeveloper -p developer
Login successful.

You have one project on this server: "auth-rbac"

Using project "auth-rbac".
[student@workstation ~]$ oc new-app --name httpd httpd:2.4
--> Found image d9163e7 (12 months old) in image stream "openshift/httpd" under tag "2.4" for "httpd:2.4"

    Apache httpd 2.4 
    ---------------- 
    Apache httpd 2.4 available as container, is a powerful, efficient, and extensible web server. Apache supports a variety of features, many implemented as compiled modules which extend the core functionality. These can range from server-side programming language support to authentication schemes. Virtual hosting allows one Apache installation to serve many different Web sites.

    Tags: builder, httpd, httpd24


--> Creating resources ...
    imagestreamtag.image.openshift.io "httpd:2.4" created
    deployment.apps "httpd" created
    service "httpd" created
--> Success
    Application is not exposed. You can expose services to the outside world by executing one or more of the commands below:
     'oc expose svc/httpd' 
    Run 'oc status' to view your app.
[student@workstation ~]$ oc policy add-role-to-user edit qa-engineer
Error from server (Forbidden): rolebindings.rbac.authorization.k8s.io is forbidden: User "developer" cannot list resource "rolebindings" in API group "rbac.authorization.k8s.io" in the namespace "auth-rbac"
[student@workstation ~]$ oc login -u qa-engineer -p redhat
Login successful.

You have one project on this server: "auth-rbac"

Using project "auth-rbac".
[student@workstation ~]$ oc scale deployment httpd --replicas=3
Error from server (Forbidden): deployments.apps "httpd" is forbidden: User "qa-engineer" cannot patch resource "deployments/scale" in API group "apps" in the namespace "auth-rbac"
[student@workstation ~]$ oc get pod
NAME                    READY   STATUS    RESTARTS   AGE
httpd-f44df78b9-f9jqf   1/1     Running   0          77s
[student@workstation ~]$ oc login -u admin -p redhat
Login successful.

You have access to 59 projects, the list has been suppressed. You can list all projects with 'oc projects'

Using project "auth-rbac".
[student@workstation ~]$ oc adm policy add-cluster-role-to-group self-provisioner system:authenticated:oauth
Warning: Group 'system:authenticated:oauth' not found
clusterrole.rbac.authorization.k8s.io/self-provisioner added: "system:authenticated:oauth"
[student@workstation ~]$ lab auth-rbac finish

Completing Guided Exercise: Defining and Applying permissions using RBAC

 · Delete OpenShift project 'auth-rbac'........................  SUCCESS
 · Wait for project 'auth-rbac' to be gone.....................  SUCCESS
 · Remove group 'dev-group'....................................  SUCCESS
 · Remove group 'qa-group'.....................................  SUCCESS
 · Delete HTPasswd entry for 'qa-engineer'.....................  SUCCESS
 · Update the 'localusers' secret data.........................  SUCCESS
 · Remove user 'qa-engineer'...................................  SUCCESS

Please use start if you wish to do the exercise again.

[student@workstation ~]$ lab auth-review start

Checking prerequisites for Lab: Configuring Authentication and Authorization

 Verify the OpenShift cluster is running:
 · Router pods are available...................................  SUCCESS
 · OAuth pods are available....................................  SUCCESS
 · API pods are available......................................  SUCCESS
 · Control plane node 'master01' is ready......................  SUCCESS
 · Control plane node 'master02' is ready......................  SUCCESS
 · Control plane node 'master03' is ready......................  SUCCESS
 Checking for conflicts with existing OpenShift projects:
 · The 'auth-review' project is absent.........................  SUCCESS

Setting up the classroom for Lab: Configuring Authentication and Authorization

 Preparing the student's workstation:
 · Download exercise files.....................................  SUCCESS
 · Download solution files.....................................  SUCCESS
 Restoring authentication settings to installation defaults:
 · Removing 'cluster-admin' role from the 'admin' user.........  SUCCESS
 · Remove HTPasswd secret: 'localusers'........................  SUCCESS
 · Remove all configured Identity Providers....................  SUCCESS
 · Remove all existing users...................................  SUCCESS
 · Remove all existing identities..............................  SUCCESS

Overall start status...........................................  SUCCESS

[student@workstation ~]$ htpasswd -D ~/DO280/labs/auth-review/tmp_users analyst
Deleting password for user analyst
[student@workstation ~]$ for NAME in admin developer tester leader; do htpasswd -b ~/DO280/labs/auth-review/tmp_users ${NAME} 'L@bR3v!ew';done
Adding password for user admin
Adding password for user developer
Updating password for user tester
Updating password for user leader
[student@workstation ~]$ source /usr/local/etc/ocp4.config
[student@workstation ~]$ oc login -u kubeadmin -p ${RHT_OCP4_KUDBEADM_PASSWD}
Error: flag needs an argument: 'p' in -p
See 'oc login --help' for usage.
[student@workstation ~]$ oc login -u kubeadmin -p ${RHT_OCP4_KUBEADM_PASSWD}
Login successful.

You have access to 58 projects, the list has been suppressed. You can list all projects with 'oc projects'

Using project "default".
[student@workstation ~]$ oc create secret generic auth-review --from-file htpasswd=~/DO280/labs/auth-review/tmp_users -n openshift-config
secret/auth-review created
[student@workstation ~]$ oc get oauth cluster -o yaml > ~/DO280/labs/auth-review/oauth.yaml
[student@workstation ~]$ vim ~/DO280/labs/auth-review/oauth.yaml
[student@workstation ~]$ oc replace -f ~/DO280/
labs/      solutions/ 
[student@workstation ~]$ oc replace -f ~/DO280/labs/auth-review/oauth.yaml
oauth.config.openshift.io/cluster replaced
[student@workstation ~]$ watch oc get pods -n openshift-authentication
[student@workstation ~]$ oc adm policy add-cluster-role-to-user cluster-admin-admin
error: you must specify at least one user or service account
[student@workstation ~]$ oc adm policy add-cluster-role-to-user cluster-admin admin
Warning: User 'admin' not found
clusterrole.rbac.authorization.k8s.io/cluster-admin added: "admin"
[student@workstation ~]$ oc login -u admin -p'L@bR3v!ew'
Login successful.

You have access to 58 projects, the list has been suppressed. You can list all projects with 'oc projects'

Using project "default".
[student@workstation ~]$ oc get nodes
NAME       STATUS   ROLES           AGE    VERSION
master01   Ready    master,worker   358d   v1.18.3+012b3ec
master02   Ready    master,worker   358d   v1.18.3+012b3ec
master03   Ready    master,worker   358d   v1.18.3+012b3ec
[student@workstation ~]$ oc login -u developer -p developer
Login failed (401 Unauthorized)
Verify you have provided correct credentials.
[student@workstation ~]$ oc login -u admin -p'L@bR3v!ew'
Login successful.

You have access to 58 projects, the list has been suppressed. You can list all projects with 'oc projects'

Using project "default".
[student@workstation ~]$ oc adm policy remove-cluster-role-from-group swlf-revisioner system:authenticated:oauth
error: unable to locate any ClusterRoleBinding for ClusterRole "swlf-revisioner"
[student@workstation ~]$ oc adm policy remove-cluster-role-from-group self-revisioner system:authenticated:oauth 
error: unable to locate any ClusterRoleBinding for ClusterRole "self-revisioner"
[student@workstation ~]$ oc adm policy remove-cluster-role-from-group self-provisioner system:authenticated:oauth
clusterrole.rbac.authorization.k8s.io/self-provisioner removed: "system:authenticated:oauth"
[student@workstation ~]$ oc adm grou add new group managers
error: unknown command "grou add new group managers"
See 'oc adm -h' for help and examples
[student@workstation ~]$ oc adm group new manaagers
error: unknown command "group new manaagers"
See 'oc adm -h' for help and examples
[student@workstation ~]$ oc adm groups new manaagers
group.user.openshift.io/manaagers created
[student@workstation ~]$ oc adm groups add-users managers leader
Error from server (NotFound): groups.user.openshift.io "managers" not found
[student@workstation ~]$ oc adm groups new managers
group.user.openshift.io/managers created
[student@workstation ~]$ oc adm groups add-users managers leader
group.user.openshift.io/managers added: "leader"
[student@workstation ~]$ oc adm delete groups manaagers
error: unknown command "delete groups manaagers"
See 'oc adm -h' for help and examples
[student@workstation ~]$ oc adm delete manaagers
error: unknown command "delete manaagers"
See 'oc adm -h' for help and examples
[student@workstation ~]$ oc delete manaagers
error: the server doesn't have a resource type "manaagers"
[student@workstation ~]$ oc delete groups manaagers
group.user.openshift.io "manaagers" deleted
[student@workstation ~]$ oc adm groups add-users managers leader
group.user.openshift.io/managers added: "leader"
[student@workstation ~]$ oc adm policy add-cluster-role-to-group self-provisioner managers
clusterrole.rbac.authorization.k8s.io/self-provisioner added: "managers"
[student@workstation ~]$ oc login -u leader -p'L@bR3v!ew'
Login successful.

You don't have any projects. You can try to create a new project, by running

    oc new-project <projectname>

[student@workstation ~]$ oc new-project auth-review
Now using project "auth-review" on server "https://api.ocp4.example.com:6443".

You can add applications to this project with the 'new-app' command. For example, try:

    oc new-app ruby~https://github.com/sclorg/ruby-ex.git

to build a new example application in Ruby. Or use kubectl to deploy a simple Kubernetes application:

    kubectl create deployment hello-node --image=gcr.io/hello-minikube-zero-install/hello-node

[student@workstation ~]$ oc login -u admin -p'L@bR3v!ew'
Login successful.

You have access to 59 projects, the list has been suppressed. You can list all projects with 'oc projects'

Using project "auth-review".
[student@workstation ~]$ oc adm group new developers
error: unknown command "group new developers"
See 'oc adm -h' for help and examples
[student@workstation ~]$ oc adm groups new developers
group.user.openshift.io/developers created
[student@workstation ~]$ oc adm groups add-users developers developer
group.user.openshift.io/developers added: "developer"
[student@workstation ~]$ oc policy add-role-to-group edit developers
clusterrole.rbac.authorization.k8s.io/edit added: "developers"
[student@workstation ~]$ oc adm groups new qa
group.user.openshift.io/qa created
[student@workstation ~]$ oc adm groups add-users qa tester
group.user.openshift.io/qa added: "tester"
[student@workstation ~]$ oc policy add-role-to-group view qa
'clusterrole.rbac.authorization.k8s.io/view added: "qa"
[student@workstation ~]$ lab auth-review grade

Grading the student's work for Lab: Configuring Authentication and Authorization

 · Cluster uses the HTPasswd identity provider.................  PASS
 · User 'analyst' does not exist in the HTPasswd secret........  PASS
 · The 'admin' user can log in with a password of 'L@bR3v!ew'..  PASS
 · The 'admin' user has the 'cluster-admin' cluster role.......  PASS
 · The 'self-provisioner' cluster role has been removed from th
   e 'system:authenticated:oauth' group........................  PASS
 · The 'managers' group exists.................................  PASS
 · The 'managers' group has the 'self-provisioner' cluster role
   ............................................................  PASS
 · The 'managers' group contains the 'leader' user.............  PASS
 · The 'leader' user can log in with a password of 'L@bR3v!ew'.  PASS
 · The 'auth-review' project exists............................  PASS
 · The 'leader' user has the 'admin' role on the 'auth-review' 
   project.....................................................  PASS
 · The 'developers' group exists...............................  PASS
 · The 'developers' group has the 'edit' role on the 'auth-revi
   ew' project.................................................  PASS
 · The 'dvelopers' group contains the 'developer' user.........  PASS
 · The 'developer' user can log in with a password of 'L@bR3v!e
   w'..........................................................  PASS
 · The 'qa' group exists.......................................  PASS
 · The 'qa' group has the 'view' role on the 'auth-review' proj
   ect.........................................................  PASS
 · The 'qa' group contains the 'tester' user...................  PASS
 · The 'tester' user can log in with a password of 'L@bR3v!ew'.  PASS

Overall exercise grade.........................................  PASS

[student@workstation ~]$ lab auth-review finish

Completing Lab: Configuring Authentication and Authorization

 · Delete OpenShift project 'auth-review'......................  SUCCESS
 · Wait for project 'auth-review' to be gone...................  SUCCESS
 · Remove exercise files.......................................  SUCCESS
 · Remove solution files.......................................  SUCCESS
 · Restore project creation privileges.........................  SUCCESS
 · Removing the cluster role binding 'clusterrolebinding.rbac.a
   uthorization.k8s.io/self-provisioner'.......................  SUCCESS
 Restoring authentication settings to installation defaults:
 · Removing 'cluster-admin' role from the 'admin' user.........  SUCCESS
 · Remove HTPasswd secret: 'auth-review'.......................  SUCCESS
 · Remove all configured Identity Providers....................  SUCCESS
 · Remove all existing users...................................  SUCCESS
 · Remove all existing groups..................................  SUCCESS
 · Remove all existing identities..............................  SUCCESS

Please use start if you wish to do the exercise again.

[student@workstation ~]$ 


-===============================================================================================================

[student@workstation ~]$ lab network-policy start

Checking prerequisites for Guided Exercise: Configuring Network Policies

 Verify the OpenShift cluster is running:
 · Router pods are available...................................  SUCCESS
 · OAuth pods are available....................................  SUCCESS
 · API pods are available......................................  SUCCESS
 · Control plane node 'master01' is ready......................  SUCCESS
 · Control plane node 'master02' is ready......................  SUCCESS
 · Control plane node 'master03' is ready......................  SUCCESS
 Checking for conflicts with existing OpenShift projects:
 · The 'network-policy' project is absent......................  SUCCESS
 · The 'network-test' project is absent........................  SUCCESS

Setting up the classroom for Guided Exercise: Configuring Network Policies

 · Validate 'admin' can log in with password 'redhat'..........  SUCCESS
 · Validate 'leader' can log in with password 'redhat'.........  SUCCESS
 · Validate 'developer' can log in with password 'developer'...  SUCCESS
 Preparing Workstation:
 · Download exercise files.....................................  SUCCESS
 · Download solution files.....................................  SUCCESS

Overall start status...........................................  SUCCESS

[student@workstation ~]$ oc login -u developer -p developer
Login successful.

You don't have any projects. You can try to create a new project, by running

    oc new-project <projectname>

[student@workstation ~]$ oc new project network-policy
Error: unknown command "new" for "oc"

Did you mean this?
	get
	new-app
	new-build
	new-project
	set
	ex

Run 'oc --help' for usage.
[student@workstation ~]$ oc new-project network-policy
Now using project "network-policy" on server "https://api.ocp4.example.com:6443".

You can add applications to this project with the 'new-app' command. For example, try:

    oc new-app ruby~https://github.com/sclorg/ruby-ex.git

to build a new example application in Ruby. Or use kubectl to deploy a simple Kubernetes application:

    kubectl create deployment hello-node --image=gcr.io/hello-minikube-zero-install/hello-node

[student@workstation ~]$ oc new-app --name hello --docker-image=quay.io/redhattraining/hello-world-nginx:1.0
error: unable to locate any local docker images with name "quay.io/redhattraining/hello-world-nginx:1.0"

The 'oc new-app' command will match arguments to the following types:

  1. Images tagged into image streams in the current project or the 'openshift' project
     - if you don't specify a tag, we'll add ':latest'
  2. Images in the Docker Hub, on remote registries, or on the local Docker engine
  3. Templates in the current project or the 'openshift' project
  4. Git repository URLs or local paths that point to Git repositories

--allow-missing-images can be used to point to an image that does not exist yet.

See 'oc new-app -h' for examples.
[student@workstation ~]$ oc new-app --name test --docker-image=quay.io/redhattraining/hello-world-nginx:1.0
error: unable to locate any local docker images with name "quay.io/redhattraining/hello-world-nginx:1.0"

The 'oc new-app' command will match arguments to the following types:

  1. Images tagged into image streams in the current project or the 'openshift' project
     - if you don't specify a tag, we'll add ':latest'
  2. Images in the Docker Hub, on remote registries, or on the local Docker engine
  3. Templates in the current project or the 'openshift' project
  4. Git repository URLs or local paths that point to Git repositories

--allow-missing-images can be used to point to an image that does not exist yet.

See 'oc new-app -h' for examples.
[student@workstation ~]$ oc expose svc helow
Error from server (NotFound): services "helow" not found
[student@workstation ~]$ oc expose svc heloo
Error from server (NotFound): services "heloo" not found
[student@workstation ~]$ oc expose svc hello
Error from server (NotFound): services "hello" not found
[student@workstation ~]$ oc new-app --name hello --docker-image=quay.io/redhattraining/hello-world-nginx:1.0
error: unable to locate any local docker images with name "quay.io/redhattraining/hello-world-nginx:1.0"

The 'oc new-app' command will match arguments to the following types:

  1. Images tagged into image streams in the current project or the 'openshift' project
     - if you don't specify a tag, we'll add ':latest'
  2. Images in the Docker Hub, on remote registries, or on the local Docker engine
  3. Templates in the current project or the 'openshift' project
  4. Git repository URLs or local paths that point to Git repositories

--allow-missing-images can be used to point to an image that does not exist yet.

See 'oc new-app -h' for examples.
[student@workstation ~]$ oc get pods
No resources found in network-policy namespace.
[student@workstation ~]$ oc new-app --name test --docker-image=quay.io/redhattraining/hello-world-nginx:1.0
error: unable to locate any local docker images with name "quay.io/redhattraining/hello-world-nginx:1.0"

The 'oc new-app' command will match arguments to the following types:

  1. Images tagged into image streams in the current project or the 'openshift' project
     - if you don't specify a tag, we'll add ':latest'
  2. Images in the Docker Hub, on remote registries, or on the local Docker engine
  3. Templates in the current project or the 'openshift' project
  4. Git repository URLs or local paths that point to Git repositories

--allow-missing-images can be used to point to an image that does not exist yet.

See 'oc new-app -h' for examples.
[student@workstation ~]$ oc new-app --name test --docker-image=quay.io/redhattraining/hello-world-nginx:v1.0
--> Found container image 44eaa13 (2 years old) from quay.io for "quay.io/redhattraining/hello-world-nginx:v1.0"

    Red Hat Universal Base Image 8 
    ------------------------------ 
    The Universal Base Image is designed and engineered to be the base layer for all of your containerized applications, middleware and utilities. This base image is freely redistributable, but Red Hat only supports Red Hat technologies through subscriptions for Red Hat products. This image is maintained by Red Hat and updated regularly.

    Tags: base rhel8

    * An image stream tag will be created as "test:v1.0" that will track this image

--> Creating resources ...
    imagestream.image.openshift.io "test" created
    deployment.apps "test" created
    service "test" created
--> Success
    Application is not exposed. You can expose services to the outside world by executing one or more of the commands below:
     'oc expose svc/test' 
    Run 'oc status' to view your app.
[student@workstation ~]$ oc new-app --name hello --docker-image=quay.io/redhattraining/hello-world-nginx:v1.0
--> Found container image 44eaa13 (2 years old) from quay.io for "quay.io/redhattraining/hello-world-nginx:v1.0"

    Red Hat Universal Base Image 8 
    ------------------------------ 
    The Universal Base Image is designed and engineered to be the base layer for all of your containerized applications, middleware and utilities. This base image is freely redistributable, but Red Hat only supports Red Hat technologies through subscriptions for Red Hat products. This image is maintained by Red Hat and updated regularly.

    Tags: base rhel8

    * An image stream tag will be created as "hello:v1.0" that will track this image

--> Creating resources ...
    imagestream.image.openshift.io "hello" created
    deployment.apps "hello" created
    service "hello" created
--> Success
    Application is not exposed. You can expose services to the outside world by executing one or more of the commands below:
     'oc expose svc/hello' 
    Run 'oc status' to view your app.
[student@workstation ~]$ oc expose svc hello
route.route.openshift.io/hello exposed
[student@workstation ~]$ ./DO280/labs/network-policy/display-project-info.sh
===================================================================
PROJECT: network-policy

POD NAME                 IP ADDRESS
hello-6c4984d949-2ww5w   10.9.0.16
test-c4d74c9d5-kmjvw     10.9.0.15

SERVICE NAME   CLUSTER-IP
hello          172.30.4.66
test           172.30.50.183

ROUTE NAME   HOSTNAME                                     PORT
hello        hello-network-policy.apps.ocp4.example.com   8080-tcp

===================================================================
[student@workstation ~]$ oc rsh test-c4d74c9d5-kmjvw 10.9.0.16:8080 | grep Hello
command terminated with exit code 1
[student@workstation ~]$ oc rsh test-c4d74c9d5-kmjvw curl 10.9.0.16:8080 | grep Hello
    <h1>Hello, world from nginx!</h1>
[student@workstation ~]$ curl -s hello-network-policy.apps.ocp4.example.com | grep Hello
    <h1>Hello, world from nginx!</h1>
[student@workstation ~]$ oc new-project network-test
Now using project "network-test" on server "https://api.ocp4.example.com:6443".

You can add applications to this project with the 'new-app' command. For example, try:

    oc new-app ruby~https://github.com/sclorg/ruby-ex.git

to build a new example application in Ruby. Or use kubectl to deploy a simple Kubernetes application:

    kubectl create deployment hello-node --image=gcr.io/hello-minikube-zero-install/hello-node

[student@workstation ~]$ oc new-app --name sample-app --docker-image=quay.io/redhattraining/hello-world-nginx:v1.0
--> Found container image 44eaa13 (2 years old) from quay.io for "quay.io/redhattraining/hello-world-nginx:v1.0"

    Red Hat Universal Base Image 8 
    ------------------------------ 
    The Universal Base Image is designed and engineered to be the base layer for all of your containerized applications, middleware and utilities. This base image is freely redistributable, but Red Hat only supports Red Hat technologies through subscriptions for Red Hat products. This image is maintained by Red Hat and updated regularly.

    Tags: base rhel8

    * An image stream tag will be created as "sample-app:v1.0" that will track this image

--> Creating resources ...
    imagestream.image.openshift.io "sample-app" created
    deployment.apps "sample-app" created
    service "sample-app" created
--> Success
    Application is not exposed. You can expose services to the outside world by executing one or more of the commands below:
     'oc expose svc/sample-app' 
    Run 'oc status' to view your app.
[student@workstation ~]$ ./DO280/labs/network-policy/display-project-info.sh
===================================================================
PROJECT: network-policy

POD NAME                 IP ADDRESS
hello-6c4984d949-2ww5w   10.9.0.16
test-c4d74c9d5-kmjvw     10.9.0.15

SERVICE NAME   CLUSTER-IP
hello          172.30.4.66
test           172.30.50.183

ROUTE NAME   HOSTNAME                                     PORT
hello        hello-network-policy.apps.ocp4.example.com   8080-tcp

===================================================================
PROJECT: network-test

POD NAME
sample-app-d5f945-svzn7

===================================================================
[student@workstation ~]$ 10.10.0.36^C
bash: 10.10.0.36^C: command not found...
[student@workstation ~]$ oc rsh sample-app-d5f945-svzn7 curl 10.0.0.16 | grep Hello
command terminated with exit code 130
[student@workstation ~]$ oc rsh sample-app-d5f945-svzn7 curl 10.9.0.16 | grep Hello
command terminated with exit code 7
[student@workstation ~]$ oc rsh sample-app-d5f945-svzn7 curl 10.9.0.16:8080 | grep Hello
    <h1>Hello, world from nginx!</h1>
[student@workstation ~]$ oc rsh sample-app-d5f945-svzn7 curl 10.9.0.15:8080 | grep Hello
    <h1>Hello, world from nginx!</h1>
[student@workstation ~]$ oc project network-policy
Now using project "network-policy" on server "https://api.ocp4.example.com:6443".
[student@workstation ~]$ cd DO280/labs/network-policy/
[student@workstation network-policy]$ ls
allow-from-openshift-ingress.yaml  allow-specific.yaml  deny-all.yaml  display-project-info.sh
[student@workstation network-policy]$ vim deny-all.yaml
[student@workstation network-policy]$ oc create -f deny-all.yaml
networkpolicy.networking.k8s.io/deny-all created
[student@workstation network-policy]$ curl -s hello-network-policy.apps.ocp4.example.com | grep Hello
[student@workstation network-policy]$ ^C
[student@workstation network-policy]$ oc rsh test-c4d74c9d5-kmjvw curl 10.9.0.15:8080 | grep Hello
    <h1>Hello, world from nginx!</h1>
[student@workstation network-policy]$ oc project network-test
Now using project "network-test" on server "https://api.ocp4.example.com:6443".
[student@workstation network-policy]$ oc rsh sample-app-d5f945-svzn7 curl 10.9.0.16:8080 | grep Hello
command terminated with exit code 130
[student@workstation network-policy]$ vim allow-specific.yaml
[student@workstation network-policy]$ oc get networkpolicies -n network-policy
NAME       POD-SELECTOR   AGE
deny-all   <none>         6m48s
[student@workstation network-policy]$ oc create networkpolicies -n network-policy
Error: must specify one of -f and -k

error: unknown command "networkpolicies"
See 'oc create -h' for help and examples
[student@workstation network-policy]$ oc create -n network-policy -f allow-specific.yaml
networkpolicy.networking.k8s.io/allow-specific created
[student@workstation network-policy]$ oc get networkpolicies -n network-policy
NAME             POD-SELECTOR       AGE
allow-specific   deployment=hello   14s
deny-all         <none>             8m42s
[student@workstation network-policy]$ oc login -u admin -p redhat
Login successful.

You have access to 60 projects, the list has been suppressed. You can list all projects with 'oc projects'

Using project "network-test".
[student@workstation network-policy]$ oc label namespace network-test name=network-test
namespace/network-test labeled
[student@workstation network-policy]$ oc describe namespaces network-test
Name:         network-test
Labels:       name=network-test
Annotations:  openshift.io/description: 
              openshift.io/display-name: 
              openshift.io/requester: developer
              openshift.io/sa.scc.mcs: s0:c25,c5
              openshift.io/sa.scc.supplemental-groups: 1000610000/10000
              openshift.io/sa.scc.uid-range: 1000610000/10000
Status:       Active

No resource quota.

No LimitRange resource.
[student@workstation network-policy]$ oc login -u developer -p developer
Login successful.

You have access to the following projects and can switch between them with 'oc project <projectname>':

    network-policy
  * network-test

Using project "network-test".
[student@workstation network-policy]$ ./display-project-info.sh
===================================================================
PROJECT: network-policy

POD NAME                 IP ADDRESS
hello-6c4984d949-2ww5w   10.9.0.16
test-c4d74c9d5-kmjvw     10.9.0.15

SERVICE NAME   CLUSTER-IP
hello          172.30.4.66
test           172.30.50.183

ROUTE NAME   HOSTNAME                                     PORT
hello        hello-network-policy.apps.ocp4.example.com   8080-tcp

===================================================================
PROJECT: network-test

POD NAME
sample-app-d5f945-svzn7

===================================================================
[student@workstation network-policy]$ oc rsh sample-app-d5f945-svzn7 curl 10.10.0.36:8080 | grep Hello
command terminated with exit code 7
[student@workstation network-policy]$ oc rsh sample-app-d5f945-svzn7 curl 10.9.0.16:8080 | grep Hello
    <h1>Hello, world from nginx!</h1>
[student@workstation network-policy]$ oc rsh sample-app-d5f945-svzn7 curl 10.9.0.15:8080 | grep Hello
command terminated with exit code 130
[student@workstation network-policy]$ oc rsh sample-app-d5f945-svzn7 curl 10.9.0.15:8081 | grep Hello
command terminated with exit code 130
[student@workstation network-policy]$ oc rsh sample-app-d5f945-svzn7 curl 10.9.0.16:8080 | grep Hello
    <h1>Hello, world from nginx!</h1>
[student@workstation network-policy]$ cim allow-
allow-from-openshift-ingress.yaml  allow-specific.yaml                
[student@workstation network-policy]$ cim allow-
allow-from-openshift-ingress.yaml  allow-specific.yaml                
[student@workstation network-policy]$ cim allow-from-openshift-ingress.yaml  
bash: cim: command not found...
[student@workstation network-policy]$ vim allow-from-openshift-ingress.yaml  
[student@workstation network-policy]$ oc create -n network-policy -f allow-from-openshift-ingress.yaml 
networkpolicy.networking.k8s.io/allow-from-openshift-ingress created
[student@workstation network-policy]$ oc get networkpolicies -n network-policy
NAME                           POD-SELECTOR       AGE
allow-from-openshift-ingress   <none>             51s
allow-specific                 deployment=hello   11m
deny-all                       <none>             20m
[student@workstation network-policy]$ oc login -u admin -p redhat
Login successful.

You have access to 60 projects, the list has been suppressed. You can list all projects with 'oc projects'

Using project "network-test".
[student@workstation network-policy]$ lab network-policy finish

Completing Guided Exercise: Configuring Network Policies

 · Delete OpenShift project 'network-policy'...................  SUCCESS
 · Wait for project 'network-policy' to be gone................  SUCCESS
 · Delete OpenShift project 'network-test'.....................  SUCCESS
 · Wait for project 'network-test' to be gone..................  SUCCESS
 · Remove exercise files.......................................  FAIL

Cannot continue due to the previous errors.....................  FAIL
One or more terminal prompts is at /home/student/DO280/labs/network-policy (or a subdirectory). Change to the /home/student/ directory and run 'lab network-policy finish' again.

[student@workstation network-policy]$ cd ~
[student@workstation ~]$ lab network-policy finish

Completing Guided Exercise: Configuring Network Policies

 · Remove exercise files.......................................  SUCCESS
 · Remove solution files.......................................  SUCCESS

Please use start if you wish to do the exercise again.

[student@workstation ~]$ 
